
845102@DESKTOP-MRHGO4C MINGW64 /
$ git clone https://github.com/ZaentsuiN/CISC3115_ZaentsuiN.git
fatal: destination path 'CISC3115_ZaentsuiN' already exists and is not an empty directory.

845102@DESKTOP-MRHGO4C MINGW64 /
$ git clone
fatal: You must specify a repository to clone.

usage: git clone [<options>] [--] <repo> [<dir>]

    -v, --verbose         be more verbose
    -q, --quiet           be more quiet
    --progress            force progress reporting
    --reject-shallow      don't clone shallow repository
    -n, --no-checkout     don't create a checkout
    --bare                create a bare repository
    --mirror              create a mirror repository (implies bare)
    -l, --local           to clone from a local repository
    --no-hardlinks        don't use local hardlinks, always copy
    -s, --shared          setup as shared repository
    --recurse-submodules[=<pathspec>]
                          initialize submodules in the clone
    --recursive ...       alias of --recurse-submodules
    -j, --jobs <n>        number of submodules cloned in parallel
    --template <template-directory>
                          directory from which templates will be used
    --reference <repo>    reference repository
    --reference-if-able <repo>
                          reference repository
    --dissociate          use --reference only while cloning
    -o, --origin <name>   use <name> instead of 'origin' to track upstream
    -b, --branch <branch> checkout <branch> instead of the remote's HEAD
    -u, --upload-pack <path>
                          path to git-upload-pack on the remote
    --depth <depth>       create a shallow clone of that depth
    --shallow-since <time>
                          create a shallow clone since a specific time
    --shallow-exclude <revision>
                          deepen history of shallow clone, excluding rev
    --single-branch       clone only one branch, HEAD or --branch
    --no-tags             don't clone any tags, and make later fetches not to follow them
    --shallow-submodules  any cloned submodules will be shallow
    --separate-git-dir <gitdir>
                          separate git dir from working tree
    -c, --config <key=value>
                          set config inside the new repository
    --server-option <server-specific>
                          option to transmit
    -4, --ipv4            use IPv4 addresses only
    -6, --ipv6            use IPv6 addresses only
    --filter <args>       object filtering
    --also-filter-submodules
                          apply partial clone filters to submodules
    --remote-submodules   any cloned submodules will use their remote-tracking branch
    --sparse              initialize sparse-checkout file to include only files at root
    --bundle-uri <uri>    a URI for downloading bundles before fetching from origin remote


845102@DESKTOP-MRHGO4C MINGW64 /
$ git clone https://github.com/ZaentsuiN/CISC3115_ZaentsuiN.git
fatal: destination path 'CISC3115_ZaentsuiN' already exists and is not an empty directory.

845102@DESKTOP-MRHGO4C MINGW64 /
$ cd CISC3115_ZaentsuiN

845102@DESKTOP-MRHGO4C MINGW64 /CISC3115_ZaentsuiN (main)
$ pwd
/CISC3115_ZaentsuiN

845102@DESKTOP-MRHGO4C MINGW64 /CISC3115_ZaentsuiN (main)
$ cd

845102@DESKTOP-MRHGO4C MINGW64 ~
$ pwd
/c/Users/845102

845102@DESKTOP-MRHGO4C MINGW64 ~
$ cd

845102@DESKTOP-MRHGO4C MINGW64 ~
$ pwd
/c/Users/845102

845102@DESKTOP-MRHGO4C MINGW64 ~
$ ^C

845102@DESKTOP-MRHGO4C MINGW64 ~
$ ^Ct remote add origin

845102@DESKTOP-MRHGO4C MINGW64 ~
$ git remote add origin https://github.com/ZaentsuiN/CISC3115_ZaentsuiN.git
fatal: not a git repository (or any of the parent directories): .git

845102@DESKTOP-MRHGO4C MINGW64 ~
$ git remote add  https://github.com/ZaentsuiN/CISC3115_ZaentsuiN.git
fatal: not a git repository (or any of the parent directories): .git

845102@DESKTOP-MRHGO4C MINGW64 ~
$ cd /CISC3115_ZaentsuiN

845102@DESKTOP-MRHGO4C MINGW64 /CISC3115_ZaentsuiN (main)
$ git remote add origin https://github.com/ZaentsuiN/CISC3115_ZaentsuiN.git
error: remote origin already exists.

845102@DESKTOP-MRHGO4C MINGW64 /CISC3115_ZaentsuiN (main)
$ git remote add origin https://github.com/ZaentsuiN/CISC9115_ZaentsuiN.git
error: remote origin already exists.

845102@DESKTOP-MRHGO4C MINGW64 /CISC3115_ZaentsuiN (main)
$ git remote add  https://github.com/ZaentsuiN/CISC3115_ZaentsuiN.git
usage: git remote add [<options>] <name> <url>

    -f, --fetch           fetch the remote branches
    --tags                import all tags and associated objects when fetching
                          or do not fetch any tag at all (--no-tags)
    -t, --track <branch>  branch(es) to track
    -m, --master <branch> master branch
    --mirror[=(push|fetch)]
                          set up remote as a mirror to push to or fetch from


845102@DESKTOP-MRHGO4C MINGW64 /CISC3115_ZaentsuiN (main)
$ git push
remote: Support for password authentication was removed on August 13, 2021.
remote: Please see https://docs.github.com/en/get-started/getting-started-with-git/about-remote-repositories#cloning-with-https-urls for information on currently recommended modes of authentication.
fatal: Authentication failed for 'https://github.com/ZaentsuiN/CISC3115_ZaentsuiN.git/'

845102@DESKTOP-MRHGO4C MINGW64 /CISC3115_ZaentsuiN (main)
$ GIT PULL
git: 'PULL' is not a git command. See 'git --help'.

845102@DESKTOP-MRHGO4C MINGW64 /CISC3115_ZaentsuiN (main)
$ git pull
Already up to date.

845102@DESKTOP-MRHGO4C MINGW64 /CISC3115_ZaentsuiN (main)
$ git push
remote: No anonymous write access.
fatal: Authentication failed for 'https://github.com/ZaentsuiN/CISC3115_ZaentsuiN.git/'

845102@DESKTOP-MRHGO4C MINGW64 /CISC3115_ZaentsuiN (main)
$ git push
remote: Support for password authentication was removed on August 13, 2021.
remote: Please see https://docs.github.com/en/get-started/getting-started-with-git/about-remote-repositories#cloning-with-https-urls for information on currently recommended modes of authentication.
fatal: Authentication failed for 'https://github.com/ZaentsuiN/CISC3115_ZaentsuiN.git/'

845102@DESKTOP-MRHGO4C MINGW64 /CISC3115_ZaentsuiN (main)
$

